com\axionpad\controller\SettingsController$1.class
com\axionpad\service\ConfigService.class
com\axionpad\controller\KeysController$1.class
com\axionpad\service\KeyHookService.class
com\axionpad\controller\ExportController.class
com\axionpad\model\KeyConfig$ActionType.class
com\axionpad\service\KeyHookService$LowLevelKeyboardProc.class
com\axionpad\controller\SimulatorController$1.class
com\axionpad\service\I18n.class
com\axionpad\model\SliderConfig.class
com\axionpad\controller\KeysController.class
com\axionpad\StartupRegistryHelper.class
com\axionpad\model\PadConfig$UserPreset.class
com\axionpad\service\WindowsVolumeService.class
com\axionpad\AxionPadApp.class
com\axionpad\controller\SimulatorController.class
com\axionpad\service\SettingsService.class
com\axionpad\model\PadConfig$Layer.class
com\axionpad\controller\SettingsController.class
com\axionpad\service\KeyHookService$1.class
com\axionpad\model\KeyConfig$1.class
com\axionpad\service\DebugLogger.class
com\axionpad\controller\SlidersController.class
com\axionpad\service\AppLauncherService.class
com\axionpad\service\WindowsVolumeService$Ole32Lib.class
com\axionpad\service\WindowsVolumeService$SessionVisitor.class
com\axionpad\view\MainWindow$1.class
com\axionpad\Main.class
com\axionpad\controller\SoundbarController.class
com\axionpad\StartupRegistryHelper$RepairResult.class
com\axionpad\view\AlertDialog$1.class
com\axionpad\view\PortDialog.class
com\axionpad\view\MainWindow.class
com\axionpad\model\AppSettings.class
com\axionpad\model\KeyConfig.class
com\axionpad\service\SerialService.class
com\axionpad\model\PadConfig.class
com\axionpad\view\AlertDialog.class
com\axionpad\controller\PresetService.class
com\axionpad\service\KeyHookService$User32Hook.class
