C:\Users\arthu\Desktop\Axion-pad-main\application\src\main\java\com\axionpad\model\KeyConfig.java
C:\Users\arthu\Desktop\Axion-pad-main\application\src\main\java\com\axionpad\Main.java
C:\Users\arthu\Desktop\Axion-pad-main\application\src\main\java\com\axionpad\service\DebugLogger.java
C:\Users\arthu\Desktop\Axion-pad-main\application\src\main\java\com\axionpad\controller\KeysController.java
C:\Users\arthu\Desktop\Axion-pad-main\application\src\main\java\com\axionpad\service\ConfigService.java
C:\Users\arthu\Desktop\Axion-pad-main\application\src\main\java\com\axionpad\service\I18n.java
C:\Users\arthu\Desktop\Axion-pad-main\application\src\main\java\com\axionpad\StartupRegistryHelper.java
C:\Users\arthu\Desktop\Axion-pad-main\application\src\main\java\com\axionpad\controller\ExportController.java
C:\Users\arthu\Desktop\Axion-pad-main\application\src\main\java\com\axionpad\service\KeyHookService.java
C:\Users\arthu\Desktop\Axion-pad-main\application\src\main\java\com\axionpad\service\SerialService.java
C:\Users\arthu\Desktop\Axion-pad-main\application\src\main\java\com\axionpad\controller\PresetService.java
C:\Users\arthu\Desktop\Axion-pad-main\application\src\main\java\com\axionpad\controller\Controllers.java
C:\Users\arthu\Desktop\Axion-pad-main\application\src\main\java\com\axionpad\view\MainWindow.java
C:\Users\arthu\Desktop\Axion-pad-main\application\src\main\java\com\axionpad\model\AppSettings.java
C:\Users\arthu\Desktop\Axion-pad-main\application\src\main\java\com\axionpad\AxionPadApp.java
C:\Users\arthu\Desktop\Axion-pad-main\application\src\main\java\com\axionpad\controller\SoundbarController.java
C:\Users\arthu\Desktop\Axion-pad-main\application\src\main\java\com\axionpad\model\SliderConfig.java
C:\Users\arthu\Desktop\Axion-pad-main\application\src\main\java\com\axionpad\service\AppLauncherService.java
C:\Users\arthu\Desktop\Axion-pad-main\application\src\main\java\com\axionpad\service\WindowsVolumeService.java
C:\Users\arthu\Desktop\Axion-pad-main\application\src\main\java\com\axionpad\controller\SlidersController.java
C:\Users\arthu\Desktop\Axion-pad-main\application\src\main\java\com\axionpad\controller\SettingsController.java
C:\Users\arthu\Desktop\Axion-pad-main\application\src\main\java\com\axionpad\view\PortDialog.java
C:\Users\arthu\Desktop\Axion-pad-main\application\src\main\java\com\axionpad\controller\SimulatorController.java
C:\Users\arthu\Desktop\Axion-pad-main\application\src\main\java\com\axionpad\service\SettingsService.java
C:\Users\arthu\Desktop\Axion-pad-main\application\src\main\java\com\axionpad\model\PadConfig.java
